// Jest Snapshot v1, https://goo.gl/fbAQLP

exports[`Sidebar renders correctly 1`] = `
Object {
  "asFragment": [Function],
  "baseElement": <body>
    <div>
      <div
        class="position-relative"
      >
        <div
          class="position-relative sidebar-container d-flex flex-column justify-content-between bg-white p-3 sidebar-active"
        >
          <h1
            class="sidebar-title pt-3 ml-5"
          >
            WheelWizard
          </h1>
          <ul
            class="sidebar-items d-flex flex-column align-items-start p-0"
          >
            <a
              class="sidebar-link-box sidebar-link"
              href="/"
            >
              <li
                class="link-name"
              >
                <svg
                  fill="currentColor"
                  height="1.1em"
                  stroke="currentColor"
                  stroke-width="0"
                  style="color: rgb(152, 193, 15);"
                  viewBox="0 0 512 512"
                  width="1.1em"
                  xmlns="http://www.w3.org/2000/svg"
                >
                  <path
                    d="M416 196.2c-13.8-30.8-49-92.2-100-92.2H196c-51 0-84.8 59.4-100 92.2-24 23-48 45.7-48 84.8v76c0 3.7 2.6 7 6.2 7.8C69.1 368.2 116.4 375 256 375s186.9-6.8 201.8-10.2c3.6-.8 6.2-4.1 6.2-7.8v-76c0-39-22.3-63.1-48-84.8zM190 128h132c40.5 0 62 60 62 70H128c0-10 27-70 62-70zm-78 203.7c-17.7 0-32-14.3-32-32s14.3-32 32-32 32 14.3 32 32c0 17.6-14.3 32-32 32zM328 300c0 8.8-7.2 16-16 16H200c-8.8 0-16-7.2-16-16s7.2-16 16-16h112c8.8 0 16 7.2 16 16zm72 32c-17.7 0-32-14.3-32-32s14.3-32 32-32 32 14.3 32 32-14.3 32-32 32zM160 384c-47.9 0-96-5-96-5 0 17-.3 29 6 29h85c6.3 0 5-13.2 5-24zM352 384c48 0 96-5 96-5 0 16 2 29-5 29h-86c-6.7 0-5-13.5-5-24z"
                  />
                </svg>
                <span
                  class="px-2"
                >
                  CARS
                </span>
              </li>
            </a>
            <a
              class="sidebar-link-box sidebar-link"
              href="/reserve"
            >
              <li
                class="link-name"
              >
                <svg
                  fill="currentColor"
                  height="1.1em"
                  stroke="currentColor"
                  stroke-width="0"
                  style="color: rgb(152, 193, 15);"
                  viewBox="0 0 24 24"
                  width="1.1em"
                  xmlns="http://www.w3.org/2000/svg"
                >
                  <path
                    d="M0 0h24v24H0z"
                    fill="none"
                  />
                  <path
                    d="M20 4H4c-1.11 0-1.99.89-1.99 2L2 18c0 1.11.89 2 2 2h10v-2H4v-6h18V6c0-1.11-.89-2-2-2zm0 4H4V6h16v2zm4 9v2h-3v3h-2v-3h-3v-2h3v-3h2v3h3z"
                  />
                </svg>
                <span
                  class="px-2"
                >
                  RESERVE
                </span>
              </li>
            </a>
            <a
              class="sidebar-link-box sidebar-link"
              href="/myreservations"
            >
              <li
                class="link-name"
              >
                <svg
                  fill="currentColor"
                  height="1.1em"
                  stroke="currentColor"
                  stroke-width="0"
                  style="color: rgb(152, 193, 15);"
                  viewBox="0 0 24 24"
                  width="1.1em"
                  xmlns="http://www.w3.org/2000/svg"
                >
                  <path
                    d="M0 0h24v24H0z"
                    fill="none"
                  />
                  <path
                    d="M6 15h6v2H6zM12 7h6v2h-6zM9 11h6v2H9z"
                  />
                  <path
                    d="M19 3H5c-1.1 0-2 .9-2 2v14c0 1.1.9 2 2 2h14c1.1 0 2-.9 2-2V5c0-1.1-.9-2-2-2zm0 16H5V5h14v14z"
                  />
                </svg>
                <span
                  class="px-2"
                >
                  MY RESERVATIONS
                </span>
              </li>
            </a>
            <a
              class="sidebar-link-box sidebar-link"
              href="/add-car"
            >
              <li
                class="link-name"
              >
                <svg
                  fill="currentColor"
                  height="1.1em"
                  stroke="currentColor"
                  stroke-width="0"
                  style="color: rgb(152, 193, 15);"
                  viewBox="0 0 512 512"
                  width="1.1em"
                  xmlns="http://www.w3.org/2000/svg"
                >
                  <path
                    d="M253.75 18.72C150.05 19.84 55.67 89.402 27.5 194.53-6.415 321.106 68.582 451.023 195.156 484.94c126.574 33.915 256.49-41.083 290.406-167.657C519.478 190.708 444.48 60.79 317.906 26.876c-19.777-5.3-39.657-7.957-59.22-8.156-1.65-.018-3.29-.02-4.936 0zm2.313 53.81c12.822-.048 25.848 1.247 38.843 4.032 1.034.222 2.06.48 3.094.72.488.115.98.223 1.47.343.51.123 1.018.247 1.53.375 1.004.255 1.994.512 3 .78 3.028.812 6.018 1.674 8.97 2.626 41.44 13.382 75.138 40.527 97.374 74.906.1.158.21.312.312.47.742 1.153 1.473 2.33 2.188 3.5.812 1.33 1.596 2.65 2.375 4 .733 1.27 1.452 2.555 2.155 3.843.594 1.09 1.177 2.18 1.75 3.28.107.207.206.42.313.626.08.16.17.312.25.47 18.66 36.453 25.32 79.192 16.187 121.78-.323 1.508-.7 3.026-1.063 4.533-.374 1.525-.747 3.037-1.156 4.562-.81 3.028-1.672 6.018-2.625 8.97-13.38 41.44-40.526 75.138-74.905 97.374-.157.1-.31.21-.47.31-1.153.743-2.33 1.474-3.5 2.19-1.328.81-2.65 1.595-4 2.374-1.27.734-2.554 1.453-3.842 2.156-1.09.594-2.18 1.177-3.282 1.75-.205.107-.417.206-.624.313-.157.08-.31.17-.47.25-36.452 18.66-79.19 25.32-121.78 16.187-1.507-.323-3.025-.693-4.53-1.063-.01-.002-.022.003-.032 0-1.516-.37-3.016-.75-4.53-1.156-3.03-.81-6.02-1.67-8.97-2.624-41.49-13.398-75.107-40.577-97.22-75-.068-.107-.15-.205-.218-.312-.773-1.21-1.505-2.43-2.25-3.656-.015-.025-.047-.04-.062-.063-.34-.56-.666-1.124-1-1.688-1.16-1.956-2.29-3.938-3.375-5.937-.7-1.287-1.395-2.57-2.064-3.875-.113-.22-.232-.436-.344-.656-18.464-36.382-24.94-79.035-15.812-121.533.324-1.506.693-3.025 1.063-4.53.002-.01-.003-.022 0-.032.37-1.516.75-3.017 1.156-4.53.33-1.242.672-2.463 1.03-3.69.08-.272.17-.54.25-.81.437-1.473.875-2.952 1.344-4.407.007-.022.024-.04.03-.063 13.345-41.36 40.262-75.04 74.44-97.313 1.284-.837 2.567-1.662 3.874-2.468.02-.012.042-.02.062-.03.99-.612 1.998-1.222 3-1.814.342-.202.688-.394 1.03-.594.687-.4 1.373-.797 2.064-1.187.485-.275.98-.544 1.47-.814.23-.13.453-.278.686-.406 1.314-.72 2.638-1.407 3.97-2.094 23.324-12.032 49.244-19.11 76.093-20.22 2.247-.09 4.49-.146 6.75-.155zm33.968 22.157l-25.75 96.188c3.07.368 6.15.96 9.22 1.78 3.062.822 6.01 1.85 8.844 3.064l25.78-96.22c-2.947-.97-5.933-1.874-8.968-2.688-3.038-.814-6.083-1.49-9.125-2.124zM182.5 109c-5.56 2.83-10.95 5.965-16.156 9.406l49.72 86.094c4.922-3.863 10.38-7.01 16.186-9.344L182.5 109zm211.72 56.594l-86.25 49.812c3.865 4.92 7.037 10.383 9.374 16.188l86.25-49.813c-2.812-5.572-5.953-10.965-9.375-16.186zM100.686 204.47c-.97 2.948-1.873 5.93-2.687 8.968-.81 3.025-1.522 6.065-2.156 9.093l95.687 25.626c.367-3.058.932-6.13 1.75-9.187.825-3.074 1.875-6.033 3.095-8.876l-95.688-25.625zM255.25 209c-20.188.584-38.553 14.304-44.03 34.75-6.68 24.925 8.23 50.79 33.155 57.47 24.925 6.677 50.79-8.233 57.47-33.158 6.677-24.924-8.233-50.79-33.158-57.468-3.115-.835-6.27-1.35-9.375-1.53-1.358-.08-2.716-.103-4.062-.064zm1.688 18.625c.408.008.807.037 1.218.063 1.88.117 3.792.43 5.688.937 15.17 4.065 24.033 19.424 19.97 34.594-4.066 15.17-19.425 24.032-34.595 19.967-15.17-4.064-24.035-19.423-19.97-34.593 3.446-12.86 15.01-21.206 27.688-20.97zm64.656 36.03c-.365 3.07-.928 6.152-1.75 9.22-.822 3.066-1.877 6.006-3.094 8.844l96.188 25.78c.97-2.948 1.874-5.934 2.687-8.97.81-3.025 1.524-6.063 2.156-9.092l-96.186-25.782zM195.78 280.22l-86.093 49.686c2.787 5.577 5.884 10.995 9.282 16.22l86.124-49.72c-3.857-4.922-6.983-10.384-9.313-16.187zm101.25 27.155c-4.92 3.86-10.383 7.01-16.186 9.344l49.812 86.25c5.566-2.81 10.942-5.96 16.156-9.376l-49.78-86.22zm-66.31 8.75l-25.782 96.188c2.947.97 5.933 1.874 8.968 2.687 3.026.81 6.065 1.524 9.094 2.156l25.78-96.187c-3.057-.367-6.128-.932-9.186-1.75-3.076-.825-6.03-1.873-8.875-3.095z"
                  />
                </svg>
                <span
                  class="px-2"
                >
                  ADD CAR
                </span>
              </li>
            </a>
            <a
              class="sidebar-link-box sidebar-link"
              href="/delete-car"
            >
              <li
                class="link-name"
              >
                <svg
                  fill="currentColor"
                  height="1.1em"
                  stroke="currentColor"
                  stroke-width="0"
                  style="color: rgb(152, 193, 15);"
                  viewBox="0 0 1024 1024"
                  width="1.1em"
                  xmlns="http://www.w3.org/2000/svg"
                >
                  <path
                    d="M360 184h-8c4.4 0 8-3.6 8-8v8h304v-8c0 4.4 3.6 8 8 8h-8v72h72v-80c0-35.3-28.7-64-64-64H352c-35.3 0-64 28.7-64 64v80h72v-72zm504 72H160c-17.7 0-32 14.3-32 32v32c0 4.4 3.6 8 8 8h60.4l24.7 523c1.6 34.1 29.8 61 63.9 61h454c34.2 0 62.3-26.8 63.9-61l24.7-523H888c4.4 0 8-3.6 8-8v-32c0-17.7-14.3-32-32-32zM731.3 840H292.7l-24.2-512h487l-24.2 512z"
                  />
                </svg>
                <span
                  class="px-2"
                >
                  DELETE CAR
                </span>
              </li>
            </a>
            <a
              class="sidebar-link-box sidebar-link logout-btn"
              href="/"
            >
              <li
                class="link-name"
              >
                <svg
                  fill="currentColor"
                  height="1.1em"
                  stroke="currentColor"
                  stroke-width="0"
                  style="color: rgb(152, 193, 15);"
                  viewBox="0 0 24 24"
                  width="1.1em"
                  xmlns="http://www.w3.org/2000/svg"
                >
                  <g>
                    <path
                      d="M0 0h24v24H0z"
                      fill="none"
                    />
                    <path
                      d="M6.535 3H21a1 1 0 0 1 1 1v16a1 1 0 0 1-1 1H6.535a1 1 0 0 1-.832-.445l-5.333-8a1 1 0 0 1 0-1.11l5.333-8A1 1 0 0 1 6.535 3zm.535 2l-4.666 7 4.666 7H20V5H7.07zM13 10.586l2.828-2.829 1.415 1.415L14.414 12l2.829 2.828-1.415 1.415L13 13.414l-2.828 2.829-1.415-1.415L11.586 12 8.757 9.172l1.415-1.415L13 10.586z"
                    />
                  </g>
                </svg>
                <span
                  class="px-2"
                >
                  LOGOUT
                </span>
              </li>
            </a>
          </ul>
          <ul
            class="social-links d-flex flex-row justify-content-between p-0 px-5"
          >
            <li
              class="social-icon"
            >
              <a
                class="social-link"
                href="/"
              >
                <svg
                  fill="currentColor"
                  height="1em"
                  stroke="currentColor"
                  stroke-width="0"
                  viewBox="0 0 512 512"
                  width="1em"
                  xmlns="http://www.w3.org/2000/svg"
                >
                  <path
                    d="M459.37 151.716c.325 4.548.325 9.097.325 13.645 0 138.72-105.583 298.558-298.558 298.558-59.452 0-114.68-17.219-161.137-47.106 8.447.974 16.568 1.299 25.34 1.299 49.055 0 94.213-16.568 130.274-44.832-46.132-.975-84.792-31.188-98.112-72.772 6.498.974 12.995 1.624 19.818 1.624 9.421 0 18.843-1.3 27.614-3.573-48.081-9.747-84.143-51.98-84.143-102.985v-1.299c13.969 7.797 30.214 12.67 47.431 13.319-28.264-18.843-46.781-51.005-46.781-87.391 0-19.492 5.197-37.36 14.294-52.954 51.655 63.675 129.3 105.258 216.365 109.807-1.624-7.797-2.599-15.918-2.599-24.04 0-57.828 46.782-104.934 104.934-104.934 30.213 0 57.502 12.67 76.67 33.137 23.715-4.548 46.456-13.32 66.599-25.34-7.798 24.366-24.366 44.833-46.132 57.827 21.117-2.273 41.584-8.122 60.426-16.243-14.292 20.791-32.161 39.308-52.628 54.253z"
                  />
                </svg>
              </a>
            </li>
            <li
              class="social-icon"
            >
              <a
                class="social-link"
                href="/"
              >
                <svg
                  fill="currentColor"
                  height="1em"
                  stroke="currentColor"
                  stroke-width="0"
                  viewBox="0 0 320 512"
                  width="1em"
                  xmlns="http://www.w3.org/2000/svg"
                >
                  <path
                    d="M279.14 288l14.22-92.66h-88.91v-60.13c0-25.35 12.42-50.06 52.24-50.06h40.42V6.26S260.43 0 225.36 0c-73.22 0-121.08 44.38-121.08 124.72v70.62H22.89V288h81.39v224h100.17V288z"
                  />
                </svg>
              </a>
            </li>
            <li
              class="social-icon"
            >
              <a
                class="social-link"
                href="/"
              >
                <svg
                  fill="currentColor"
                  height="1em"
                  stroke="currentColor"
                  stroke-width="0"
                  viewBox="0 0 640 512"
                  width="1em"
                  xmlns="http://www.w3.org/2000/svg"
                >
                  <path
                    d="M386.061 228.496c1.834 9.692 3.143 19.384 3.143 31.956C389.204 370.205 315.599 448 204.8 448c-106.084 0-192-85.915-192-192s85.916-192 192-192c51.864 0 95.083 18.859 128.611 50.292l-52.126 50.03c-14.145-13.621-39.028-29.599-76.485-29.599-65.484 0-118.92 54.221-118.92 121.277 0 67.056 53.436 121.277 118.92 121.277 75.961 0 104.513-54.745 108.965-82.773H204.8v-66.009h181.261zm185.406 6.437V179.2h-56.001v55.733h-55.733v56.001h55.733v55.733h56.001v-55.733H627.2v-56.001h-55.733z"
                  />
                </svg>
              </a>
            </li>
            <li
              class="social-icon"
            >
              <a
                class="social-link"
                href="/"
              >
                <svg
                  fill="currentColor"
                  height="1em"
                  stroke="currentColor"
                  stroke-width="0"
                  viewBox="0 0 384 512"
                  width="1em"
                  xmlns="http://www.w3.org/2000/svg"
                >
                  <path
                    d="M204 6.5C101.4 6.5 0 74.9 0 185.6 0 256 39.6 296 63.6 296c9.9 0 15.6-27.6 15.6-35.4 0-9.3-23.7-29.1-23.7-67.8 0-80.4 61.2-137.4 140.4-137.4 68.1 0 118.5 38.7 118.5 109.8 0 53.1-21.3 152.7-90.3 152.7-24.9 0-46.2-18-46.2-43.8 0-37.8 26.4-74.4 26.4-113.4 0-66.2-93.9-54.2-93.9 25.8 0 16.8 2.1 35.4 9.6 50.7-13.8 59.4-42 147.9-42 209.1 0 18.9 2.7 37.5 4.5 56.4 3.4 3.8 1.7 3.4 6.9 1.5 50.4-69 48.6-82.5 71.4-172.8 12.3 23.4 44.1 36 69.3 36 106.2 0 153.9-103.5 153.9-196.8C384 71.3 298.2 6.5 204 6.5z"
                  />
                </svg>
              </a>
            </li>
          </ul>
        </div>
        <button
          class="toggle-sidebar-btn"
          type="button"
        >
          <svg
            fill="none"
            height="2.5em"
            stroke="currentColor"
            stroke-width="0"
            viewBox="0 0 15 15"
            width="2.5em"
            xmlns="http://www.w3.org/2000/svg"
          >
            <path
              clip-rule="evenodd"
              d="M1.5 3C1.22386 3 1 3.22386 1 3.5C1 3.77614 1.22386 4 1.5 4H13.5C13.7761 4 14 3.77614 14 3.5C14 3.22386 13.7761 3 13.5 3H1.5ZM1 7.5C1 7.22386 1.22386 7 1.5 7H13.5C13.7761 7 14 7.22386 14 7.5C14 7.77614 13.7761 8 13.5 8H1.5C1.22386 8 1 7.77614 1 7.5ZM1 11.5C1 11.2239 1.22386 11 1.5 11H13.5C13.7761 11 14 11.2239 14 11.5C14 11.7761 13.7761 12 13.5 12H1.5C1.22386 12 1 11.7761 1 11.5Z"
              fill="currentColor"
              fill-rule="evenodd"
            />
          </svg>
        </button>
      </div>
    </div>
  </body>,
  "container": <div>
    <div
      class="position-relative"
    >
      <div
        class="position-relative sidebar-container d-flex flex-column justify-content-between bg-white p-3 sidebar-active"
      >
        <h1
          class="sidebar-title pt-3 ml-5"
        >
          WheelWizard
        </h1>
        <ul
          class="sidebar-items d-flex flex-column align-items-start p-0"
        >
          <a
            class="sidebar-link-box sidebar-link"
            href="/"
          >
            <li
              class="link-name"
            >
              <svg
                fill="currentColor"
                height="1.1em"
                stroke="currentColor"
                stroke-width="0"
                style="color: rgb(152, 193, 15);"
                viewBox="0 0 512 512"
                width="1.1em"
                xmlns="http://www.w3.org/2000/svg"
              >
                <path
                  d="M416 196.2c-13.8-30.8-49-92.2-100-92.2H196c-51 0-84.8 59.4-100 92.2-24 23-48 45.7-48 84.8v76c0 3.7 2.6 7 6.2 7.8C69.1 368.2 116.4 375 256 375s186.9-6.8 201.8-10.2c3.6-.8 6.2-4.1 6.2-7.8v-76c0-39-22.3-63.1-48-84.8zM190 128h132c40.5 0 62 60 62 70H128c0-10 27-70 62-70zm-78 203.7c-17.7 0-32-14.3-32-32s14.3-32 32-32 32 14.3 32 32c0 17.6-14.3 32-32 32zM328 300c0 8.8-7.2 16-16 16H200c-8.8 0-16-7.2-16-16s7.2-16 16-16h112c8.8 0 16 7.2 16 16zm72 32c-17.7 0-32-14.3-32-32s14.3-32 32-32 32 14.3 32 32-14.3 32-32 32zM160 384c-47.9 0-96-5-96-5 0 17-.3 29 6 29h85c6.3 0 5-13.2 5-24zM352 384c48 0 96-5 96-5 0 16 2 29-5 29h-86c-6.7 0-5-13.5-5-24z"
                />
              </svg>
              <span
                class="px-2"
              >
                CARS
              </span>
            </li>
          </a>
          <a
            class="sidebar-link-box sidebar-link"
            href="/reserve"
          >
            <li
              class="link-name"
            >
              <svg
                fill="currentColor"
                height="1.1em"
                stroke="currentColor"
                stroke-width="0"
                style="color: rgb(152, 193, 15);"
                viewBox="0 0 24 24"
                width="1.1em"
                xmlns="http://www.w3.org/2000/svg"
              >
                <path
                  d="M0 0h24v24H0z"
                  fill="none"
                />
                <path
                  d="M20 4H4c-1.11 0-1.99.89-1.99 2L2 18c0 1.11.89 2 2 2h10v-2H4v-6h18V6c0-1.11-.89-2-2-2zm0 4H4V6h16v2zm4 9v2h-3v3h-2v-3h-3v-2h3v-3h2v3h3z"
                />
              </svg>
              <span
                class="px-2"
              >
                RESERVE
              </span>
            </li>
          </a>
          <a
            class="sidebar-link-box sidebar-link"
            href="/myreservations"
          >
            <li
              class="link-name"
            >
              <svg
                fill="currentColor"
                height="1.1em"
                stroke="currentColor"
                stroke-width="0"
                style="color: rgb(152, 193, 15);"
                viewBox="0 0 24 24"
                width="1.1em"
                xmlns="http://www.w3.org/2000/svg"
              >
                <path
                  d="M0 0h24v24H0z"
                  fill="none"
                />
                <path
                  d="M6 15h6v2H6zM12 7h6v2h-6zM9 11h6v2H9z"
                />
                <path
                  d="M19 3H5c-1.1 0-2 .9-2 2v14c0 1.1.9 2 2 2h14c1.1 0 2-.9 2-2V5c0-1.1-.9-2-2-2zm0 16H5V5h14v14z"
                />
              </svg>
              <span
                class="px-2"
              >
                MY RESERVATIONS
              </span>
            </li>
          </a>
          <a
            class="sidebar-link-box sidebar-link"
            href="/add-car"
          >
            <li
              class="link-name"
            >
              <svg
                fill="currentColor"
                height="1.1em"
                stroke="currentColor"
                stroke-width="0"
                style="color: rgb(152, 193, 15);"
                viewBox="0 0 512 512"
                width="1.1em"
                xmlns="http://www.w3.org/2000/svg"
              >
                <path
                  d="M253.75 18.72C150.05 19.84 55.67 89.402 27.5 194.53-6.415 321.106 68.582 451.023 195.156 484.94c126.574 33.915 256.49-41.083 290.406-167.657C519.478 190.708 444.48 60.79 317.906 26.876c-19.777-5.3-39.657-7.957-59.22-8.156-1.65-.018-3.29-.02-4.936 0zm2.313 53.81c12.822-.048 25.848 1.247 38.843 4.032 1.034.222 2.06.48 3.094.72.488.115.98.223 1.47.343.51.123 1.018.247 1.53.375 1.004.255 1.994.512 3 .78 3.028.812 6.018 1.674 8.97 2.626 41.44 13.382 75.138 40.527 97.374 74.906.1.158.21.312.312.47.742 1.153 1.473 2.33 2.188 3.5.812 1.33 1.596 2.65 2.375 4 .733 1.27 1.452 2.555 2.155 3.843.594 1.09 1.177 2.18 1.75 3.28.107.207.206.42.313.626.08.16.17.312.25.47 18.66 36.453 25.32 79.192 16.187 121.78-.323 1.508-.7 3.026-1.063 4.533-.374 1.525-.747 3.037-1.156 4.562-.81 3.028-1.672 6.018-2.625 8.97-13.38 41.44-40.526 75.138-74.905 97.374-.157.1-.31.21-.47.31-1.153.743-2.33 1.474-3.5 2.19-1.328.81-2.65 1.595-4 2.374-1.27.734-2.554 1.453-3.842 2.156-1.09.594-2.18 1.177-3.282 1.75-.205.107-.417.206-.624.313-.157.08-.31.17-.47.25-36.452 18.66-79.19 25.32-121.78 16.187-1.507-.323-3.025-.693-4.53-1.063-.01-.002-.022.003-.032 0-1.516-.37-3.016-.75-4.53-1.156-3.03-.81-6.02-1.67-8.97-2.624-41.49-13.398-75.107-40.577-97.22-75-.068-.107-.15-.205-.218-.312-.773-1.21-1.505-2.43-2.25-3.656-.015-.025-.047-.04-.062-.063-.34-.56-.666-1.124-1-1.688-1.16-1.956-2.29-3.938-3.375-5.937-.7-1.287-1.395-2.57-2.064-3.875-.113-.22-.232-.436-.344-.656-18.464-36.382-24.94-79.035-15.812-121.533.324-1.506.693-3.025 1.063-4.53.002-.01-.003-.022 0-.032.37-1.516.75-3.017 1.156-4.53.33-1.242.672-2.463 1.03-3.69.08-.272.17-.54.25-.81.437-1.473.875-2.952 1.344-4.407.007-.022.024-.04.03-.063 13.345-41.36 40.262-75.04 74.44-97.313 1.284-.837 2.567-1.662 3.874-2.468.02-.012.042-.02.062-.03.99-.612 1.998-1.222 3-1.814.342-.202.688-.394 1.03-.594.687-.4 1.373-.797 2.064-1.187.485-.275.98-.544 1.47-.814.23-.13.453-.278.686-.406 1.314-.72 2.638-1.407 3.97-2.094 23.324-12.032 49.244-19.11 76.093-20.22 2.247-.09 4.49-.146 6.75-.155zm33.968 22.157l-25.75 96.188c3.07.368 6.15.96 9.22 1.78 3.062.822 6.01 1.85 8.844 3.064l25.78-96.22c-2.947-.97-5.933-1.874-8.968-2.688-3.038-.814-6.083-1.49-9.125-2.124zM182.5 109c-5.56 2.83-10.95 5.965-16.156 9.406l49.72 86.094c4.922-3.863 10.38-7.01 16.186-9.344L182.5 109zm211.72 56.594l-86.25 49.812c3.865 4.92 7.037 10.383 9.374 16.188l86.25-49.813c-2.812-5.572-5.953-10.965-9.375-16.186zM100.686 204.47c-.97 2.948-1.873 5.93-2.687 8.968-.81 3.025-1.522 6.065-2.156 9.093l95.687 25.626c.367-3.058.932-6.13 1.75-9.187.825-3.074 1.875-6.033 3.095-8.876l-95.688-25.625zM255.25 209c-20.188.584-38.553 14.304-44.03 34.75-6.68 24.925 8.23 50.79 33.155 57.47 24.925 6.677 50.79-8.233 57.47-33.158 6.677-24.924-8.233-50.79-33.158-57.468-3.115-.835-6.27-1.35-9.375-1.53-1.358-.08-2.716-.103-4.062-.064zm1.688 18.625c.408.008.807.037 1.218.063 1.88.117 3.792.43 5.688.937 15.17 4.065 24.033 19.424 19.97 34.594-4.066 15.17-19.425 24.032-34.595 19.967-15.17-4.064-24.035-19.423-19.97-34.593 3.446-12.86 15.01-21.206 27.688-20.97zm64.656 36.03c-.365 3.07-.928 6.152-1.75 9.22-.822 3.066-1.877 6.006-3.094 8.844l96.188 25.78c.97-2.948 1.874-5.934 2.687-8.97.81-3.025 1.524-6.063 2.156-9.092l-96.186-25.782zM195.78 280.22l-86.093 49.686c2.787 5.577 5.884 10.995 9.282 16.22l86.124-49.72c-3.857-4.922-6.983-10.384-9.313-16.187zm101.25 27.155c-4.92 3.86-10.383 7.01-16.186 9.344l49.812 86.25c5.566-2.81 10.942-5.96 16.156-9.376l-49.78-86.22zm-66.31 8.75l-25.782 96.188c2.947.97 5.933 1.874 8.968 2.687 3.026.81 6.065 1.524 9.094 2.156l25.78-96.187c-3.057-.367-6.128-.932-9.186-1.75-3.076-.825-6.03-1.873-8.875-3.095z"
                />
              </svg>
              <span
                class="px-2"
              >
                ADD CAR
              </span>
            </li>
          </a>
          <a
            class="sidebar-link-box sidebar-link"
            href="/delete-car"
          >
            <li
              class="link-name"
            >
              <svg
                fill="currentColor"
                height="1.1em"
                stroke="currentColor"
                stroke-width="0"
                style="color: rgb(152, 193, 15);"
                viewBox="0 0 1024 1024"
                width="1.1em"
                xmlns="http://www.w3.org/2000/svg"
              >
                <path
                  d="M360 184h-8c4.4 0 8-3.6 8-8v8h304v-8c0 4.4 3.6 8 8 8h-8v72h72v-80c0-35.3-28.7-64-64-64H352c-35.3 0-64 28.7-64 64v80h72v-72zm504 72H160c-17.7 0-32 14.3-32 32v32c0 4.4 3.6 8 8 8h60.4l24.7 523c1.6 34.1 29.8 61 63.9 61h454c34.2 0 62.3-26.8 63.9-61l24.7-523H888c4.4 0 8-3.6 8-8v-32c0-17.7-14.3-32-32-32zM731.3 840H292.7l-24.2-512h487l-24.2 512z"
                />
              </svg>
              <span
                class="px-2"
              >
                DELETE CAR
              </span>
            </li>
          </a>
          <a
            class="sidebar-link-box sidebar-link logout-btn"
            href="/"
          >
            <li
              class="link-name"
            >
              <svg
                fill="currentColor"
                height="1.1em"
                stroke="currentColor"
                stroke-width="0"
                style="color: rgb(152, 193, 15);"
                viewBox="0 0 24 24"
                width="1.1em"
                xmlns="http://www.w3.org/2000/svg"
              >
                <g>
                  <path
                    d="M0 0h24v24H0z"
                    fill="none"
                  />
                  <path
                    d="M6.535 3H21a1 1 0 0 1 1 1v16a1 1 0 0 1-1 1H6.535a1 1 0 0 1-.832-.445l-5.333-8a1 1 0 0 1 0-1.11l5.333-8A1 1 0 0 1 6.535 3zm.535 2l-4.666 7 4.666 7H20V5H7.07zM13 10.586l2.828-2.829 1.415 1.415L14.414 12l2.829 2.828-1.415 1.415L13 13.414l-2.828 2.829-1.415-1.415L11.586 12 8.757 9.172l1.415-1.415L13 10.586z"
                  />
                </g>
              </svg>
              <span
                class="px-2"
              >
                LOGOUT
              </span>
            </li>
          </a>
        </ul>
        <ul
          class="social-links d-flex flex-row justify-content-between p-0 px-5"
        >
          <li
            class="social-icon"
          >
            <a
              class="social-link"
              href="/"
            >
              <svg
                fill="currentColor"
                height="1em"
                stroke="currentColor"
                stroke-width="0"
                viewBox="0 0 512 512"
                width="1em"
                xmlns="http://www.w3.org/2000/svg"
              >
                <path
                  d="M459.37 151.716c.325 4.548.325 9.097.325 13.645 0 138.72-105.583 298.558-298.558 298.558-59.452 0-114.68-17.219-161.137-47.106 8.447.974 16.568 1.299 25.34 1.299 49.055 0 94.213-16.568 130.274-44.832-46.132-.975-84.792-31.188-98.112-72.772 6.498.974 12.995 1.624 19.818 1.624 9.421 0 18.843-1.3 27.614-3.573-48.081-9.747-84.143-51.98-84.143-102.985v-1.299c13.969 7.797 30.214 12.67 47.431 13.319-28.264-18.843-46.781-51.005-46.781-87.391 0-19.492 5.197-37.36 14.294-52.954 51.655 63.675 129.3 105.258 216.365 109.807-1.624-7.797-2.599-15.918-2.599-24.04 0-57.828 46.782-104.934 104.934-104.934 30.213 0 57.502 12.67 76.67 33.137 23.715-4.548 46.456-13.32 66.599-25.34-7.798 24.366-24.366 44.833-46.132 57.827 21.117-2.273 41.584-8.122 60.426-16.243-14.292 20.791-32.161 39.308-52.628 54.253z"
                />
              </svg>
            </a>
          </li>
          <li
            class="social-icon"
          >
            <a
              class="social-link"
              href="/"
            >
              <svg
                fill="currentColor"
                height="1em"
                stroke="currentColor"
                stroke-width="0"
                viewBox="0 0 320 512"
                width="1em"
                xmlns="http://www.w3.org/2000/svg"
              >
                <path
                  d="M279.14 288l14.22-92.66h-88.91v-60.13c0-25.35 12.42-50.06 52.24-50.06h40.42V6.26S260.43 0 225.36 0c-73.22 0-121.08 44.38-121.08 124.72v70.62H22.89V288h81.39v224h100.17V288z"
                />
              </svg>
            </a>
          </li>
          <li
            class="social-icon"
          >
            <a
              class="social-link"
              href="/"
            >
              <svg
                fill="currentColor"
                height="1em"
                stroke="currentColor"
                stroke-width="0"
                viewBox="0 0 640 512"
                width="1em"
                xmlns="http://www.w3.org/2000/svg"
              >
                <path
                  d="M386.061 228.496c1.834 9.692 3.143 19.384 3.143 31.956C389.204 370.205 315.599 448 204.8 448c-106.084 0-192-85.915-192-192s85.916-192 192-192c51.864 0 95.083 18.859 128.611 50.292l-52.126 50.03c-14.145-13.621-39.028-29.599-76.485-29.599-65.484 0-118.92 54.221-118.92 121.277 0 67.056 53.436 121.277 118.92 121.277 75.961 0 104.513-54.745 108.965-82.773H204.8v-66.009h181.261zm185.406 6.437V179.2h-56.001v55.733h-55.733v56.001h55.733v55.733h56.001v-55.733H627.2v-56.001h-55.733z"
                />
              </svg>
            </a>
          </li>
          <li
            class="social-icon"
          >
            <a
              class="social-link"
              href="/"
            >
              <svg
                fill="currentColor"
                height="1em"
                stroke="currentColor"
                stroke-width="0"
                viewBox="0 0 384 512"
                width="1em"
                xmlns="http://www.w3.org/2000/svg"
              >
                <path
                  d="M204 6.5C101.4 6.5 0 74.9 0 185.6 0 256 39.6 296 63.6 296c9.9 0 15.6-27.6 15.6-35.4 0-9.3-23.7-29.1-23.7-67.8 0-80.4 61.2-137.4 140.4-137.4 68.1 0 118.5 38.7 118.5 109.8 0 53.1-21.3 152.7-90.3 152.7-24.9 0-46.2-18-46.2-43.8 0-37.8 26.4-74.4 26.4-113.4 0-66.2-93.9-54.2-93.9 25.8 0 16.8 2.1 35.4 9.6 50.7-13.8 59.4-42 147.9-42 209.1 0 18.9 2.7 37.5 4.5 56.4 3.4 3.8 1.7 3.4 6.9 1.5 50.4-69 48.6-82.5 71.4-172.8 12.3 23.4 44.1 36 69.3 36 106.2 0 153.9-103.5 153.9-196.8C384 71.3 298.2 6.5 204 6.5z"
                />
              </svg>
            </a>
          </li>
        </ul>
      </div>
      <button
        class="toggle-sidebar-btn"
        type="button"
      >
        <svg
          fill="none"
          height="2.5em"
          stroke="currentColor"
          stroke-width="0"
          viewBox="0 0 15 15"
          width="2.5em"
          xmlns="http://www.w3.org/2000/svg"
        >
          <path
            clip-rule="evenodd"
            d="M1.5 3C1.22386 3 1 3.22386 1 3.5C1 3.77614 1.22386 4 1.5 4H13.5C13.7761 4 14 3.77614 14 3.5C14 3.22386 13.7761 3 13.5 3H1.5ZM1 7.5C1 7.22386 1.22386 7 1.5 7H13.5C13.7761 7 14 7.22386 14 7.5C14 7.77614 13.7761 8 13.5 8H1.5C1.22386 8 1 7.77614 1 7.5ZM1 11.5C1 11.2239 1.22386 11 1.5 11H13.5C13.7761 11 14 11.2239 14 11.5C14 11.7761 13.7761 12 13.5 12H1.5C1.22386 12 1 11.7761 1 11.5Z"
            fill="currentColor"
            fill-rule="evenodd"
          />
        </svg>
      </button>
    </div>
  </div>,
  "debug": [Function],
  "findAllByAltText": [Function],
  "findAllByDisplayValue": [Function],
  "findAllByLabelText": [Function],
  "findAllByPlaceholderText": [Function],
  "findAllByRole": [Function],
  "findAllByTestId": [Function],
  "findAllByText": [Function],
  "findAllByTitle": [Function],
  "findByAltText": [Function],
  "findByDisplayValue": [Function],
  "findByLabelText": [Function],
  "findByPlaceholderText": [Function],
  "findByRole": [Function],
  "findByTestId": [Function],
  "findByText": [Function],
  "findByTitle": [Function],
  "getAllByAltText": [Function],
  "getAllByDisplayValue": [Function],
  "getAllByLabelText": [Function],
  "getAllByPlaceholderText": [Function],
  "getAllByRole": [Function],
  "getAllByTestId": [Function],
  "getAllByText": [Function],
  "getAllByTitle": [Function],
  "getByAltText": [Function],
  "getByDisplayValue": [Function],
  "getByLabelText": [Function],
  "getByPlaceholderText": [Function],
  "getByRole": [Function],
  "getByTestId": [Function],
  "getByText": [Function],
  "getByTitle": [Function],
  "queryAllByAltText": [Function],
  "queryAllByDisplayValue": [Function],
  "queryAllByLabelText": [Function],
  "queryAllByPlaceholderText": [Function],
  "queryAllByRole": [Function],
  "queryAllByTestId": [Function],
  "queryAllByText": [Function],
  "queryAllByTitle": [Function],
  "queryByAltText": [Function],
  "queryByDisplayValue": [Function],
  "queryByLabelText": [Function],
  "queryByPlaceholderText": [Function],
  "queryByRole": [Function],
  "queryByTestId": [Function],
  "queryByText": [Function],
  "queryByTitle": [Function],
  "rerender": [Function],
  "unmount": [Function],
}
`;
