// Jest Snapshot v1, https://goo.gl/fbAQLP

exports[`Addcar renders correctly 1`] = `
Object {
  "asFragment": [Function],
  "baseElement": <body>
    <div>
      <div
        class="form-container"
      >
        <form
          class="add-car-form"
        >
          <h2
            class="title"
          >
            Add A New Car
          </h2>
          <div
            class="w-full"
          >
            <input
              autocomplete="off"
              class="form-control w-full"
              name="name"
              placeholder="Enter Car name"
              required=""
              type="text"
              value=""
            />
          </div>
          <div
            class="w-full"
          >
            <input
              class="w-full form-control"
              name="description"
              placeholder="Description"
              required=""
              type="text"
              value=""
            />
          </div>
          <div
            class="w-full"
          >
            <input
              class="form-control"
              name="test_drive_fee"
              placeholder="Test Drive Fee"
              required=""
              type="number"
              value=""
            />
          </div>
          <div
            class="w-full"
          >
            <input
              class="form-control"
              name="model"
              placeholder="Model"
              required=""
              type="text"
              value=""
            />
          </div>
          <div
            class="w-full"
          >
            <input
              class="form-control"
              name="price"
              placeholder="Price"
              required=""
              type="number"
              value=""
            />
          </div>
          <div
            class="input-group mb-3"
          >
            <span
              class="input-group-text"
              id="basic-addon3"
            >
              Add an Image
            </span>
            <input
              aria-describedby="basic-addon3"
              class="form-control"
              id="basic-url"
              name="image"
              type="file"
            />
          </div>
          <div
            class="input-group mb-3"
          >
            <span
              class="input-group-text"
              id="basic-addon3"
            >
              Year
            </span>
            <input
              class="form-control"
              name="year"
              required=""
              type="date"
              value=""
            />
          </div>
          <button
            class="btn btn-primary mb-3"
            type="submit"
          >
            Add Car
          </button>
        </form>
      </div>
    </div>
  </body>,
  "container": <div>
    <div
      class="form-container"
    >
      <form
        class="add-car-form"
      >
        <h2
          class="title"
        >
          Add A New Car
        </h2>
        <div
          class="w-full"
        >
          <input
            autocomplete="off"
            class="form-control w-full"
            name="name"
            placeholder="Enter Car name"
            required=""
            type="text"
            value=""
          />
        </div>
        <div
          class="w-full"
        >
          <input
            class="w-full form-control"
            name="description"
            placeholder="Description"
            required=""
            type="text"
            value=""
          />
        </div>
        <div
          class="w-full"
        >
          <input
            class="form-control"
            name="test_drive_fee"
            placeholder="Test Drive Fee"
            required=""
            type="number"
            value=""
          />
        </div>
        <div
          class="w-full"
        >
          <input
            class="form-control"
            name="model"
            placeholder="Model"
            required=""
            type="text"
            value=""
          />
        </div>
        <div
          class="w-full"
        >
          <input
            class="form-control"
            name="price"
            placeholder="Price"
            required=""
            type="number"
            value=""
          />
        </div>
        <div
          class="input-group mb-3"
        >
          <span
            class="input-group-text"
            id="basic-addon3"
          >
            Add an Image
          </span>
          <input
            aria-describedby="basic-addon3"
            class="form-control"
            id="basic-url"
            name="image"
            type="file"
          />
        </div>
        <div
          class="input-group mb-3"
        >
          <span
            class="input-group-text"
            id="basic-addon3"
          >
            Year
          </span>
          <input
            class="form-control"
            name="year"
            required=""
            type="date"
            value=""
          />
        </div>
        <button
          class="btn btn-primary mb-3"
          type="submit"
        >
          Add Car
        </button>
      </form>
    </div>
  </div>,
  "debug": [Function],
  "findAllByAltText": [Function],
  "findAllByDisplayValue": [Function],
  "findAllByLabelText": [Function],
  "findAllByPlaceholderText": [Function],
  "findAllByRole": [Function],
  "findAllByTestId": [Function],
  "findAllByText": [Function],
  "findAllByTitle": [Function],
  "findByAltText": [Function],
  "findByDisplayValue": [Function],
  "findByLabelText": [Function],
  "findByPlaceholderText": [Function],
  "findByRole": [Function],
  "findByTestId": [Function],
  "findByText": [Function],
  "findByTitle": [Function],
  "getAllByAltText": [Function],
  "getAllByDisplayValue": [Function],
  "getAllByLabelText": [Function],
  "getAllByPlaceholderText": [Function],
  "getAllByRole": [Function],
  "getAllByTestId": [Function],
  "getAllByText": [Function],
  "getAllByTitle": [Function],
  "getByAltText": [Function],
  "getByDisplayValue": [Function],
  "getByLabelText": [Function],
  "getByPlaceholderText": [Function],
  "getByRole": [Function],
  "getByTestId": [Function],
  "getByText": [Function],
  "getByTitle": [Function],
  "queryAllByAltText": [Function],
  "queryAllByDisplayValue": [Function],
  "queryAllByLabelText": [Function],
  "queryAllByPlaceholderText": [Function],
  "queryAllByRole": [Function],
  "queryAllByTestId": [Function],
  "queryAllByText": [Function],
  "queryAllByTitle": [Function],
  "queryByAltText": [Function],
  "queryByDisplayValue": [Function],
  "queryByLabelText": [Function],
  "queryByPlaceholderText": [Function],
  "queryByRole": [Function],
  "queryByTestId": [Function],
  "queryByText": [Function],
  "queryByTitle": [Function],
  "rerender": [Function],
  "unmount": [Function],
}
`;
